// Jest Snapshot v1, https://goo.gl/fbAQLP

exports[`/api/posts GET when no posts exist should return a valid response 1`] = `
Object {
  "items": Array [],
  "total": 0,
}
`;

exports[`/api/posts GET when some posts exist should return a valid response 1`] = `
Object {
  "items": Array [
    Object {
      "author": Object {
        "avatarUrl": "http://lorempixel.com/640/480",
        "id": "7862f3cc-bfc5-41b8-aded-1d0420ea196a",
        "name": "Vernie.Jenkins",
      },
      "id": "43345823304969c878318d12",
      "imageHeight": 417,
      "imageUrl": "http://lorempixel.com/640/480",
      "imageWidth": 914,
      "isLiked": false,
      "likes": 0,
      "timestamp": "1986-12-02T10:15:00.816Z",
    },
  ],
  "total": 1,
}
`;

exports[`/api/posts POST when file is an image should return a valid response 1`] = `
Object {
  "author": Object {
    "avatarUrl": "https://picsum.photos/200/200",
    "id": "123",
    "name": "Alex Pushkin",
  },
  "id": Any<String>,
  "imageHeight": 1306,
  "imageUrl": "http://res.cloudinary.com/du0jftvmw/image/upload/v1537197602/image-board/NBsz2e5Wv.jpg",
  "imageWidth": 1000,
  "isLiked": true,
  "likes": 1,
  "timestamp": Any<String>,
}
`;

exports[`/api/posts POST when token contains insufficient information should return a valid response 1`] = `Object {}`;
